[0m19:54:46.545215 [debug] [MainThread]: Sending event: {'category': 'dbt', 'action': 'invocation', 'label': 'start', 'context': [<snowplow_tracker.self_describing_json.SelfDescribingJson object at 0x000002328F3DAF90>, <snowplow_tracker.self_describing_json.SelfDescribingJson object at 0x000002328C166C10>, <snowplow_tracker.self_describing_json.SelfDescribingJson object at 0x00000232918C3C50>]}


============================== 19:54:46.570794 | 741ec5c2-b550-408f-b2ff-c85c37d9df8d ==============================
[0m19:54:46.570794 [info ] [MainThread]: Running with dbt=1.11.11
[0m19:54:46.571698 [debug] [MainThread]: running dbt with arguments {'version_check': 'True', 'no_print': 'None', 'static_parser': 'True', 'warn_error_options': 'WarnErrorOptionsV2(error=[], warn=[], silence=[])', 'target_path': 'None', 'printer_width': '80', 'write_json': 'True', 'empty': 'None', 'log_cache_events': 'False', 'introspect': 'True', 'cache_selected_only': 'False', 'log_format': 'default', 'debug': 'False', 'fail_fast': 'False', 'partial_parse': 'True', 'send_anonymous_usage_stats': 'True', 'quiet': 'False', 'warn_error': 'None', 'profiles_dir': 'C:\\Users\\user\\.dbt', 'use_colors': 'True', 'invocation_command': 'dbt init dbt_pipeline', 'indirect_selection': 'eager', 'use_experimental_parser': 'False', 'log_path': 'logs'}
[0m19:54:46.612577 [debug] [MainThread]: Starter project path: C:\Users\user\Downloads\dbt-ci-cd-framework\venv\Lib\site-packages\dbt\include\starter_project
[0m19:54:46.650739 [info ] [MainThread]: 
Your new dbt project "dbt_pipeline" was created!

For more information on how to configure the profiles.yml file,
please consult the dbt documentation here:

  https://docs.getdbt.com/docs/configure-your-profile

One more thing:

Need help? Don't hesitate to reach out to us via GitHub issues or on Slack:

  https://community.getdbt.com/

Happy modeling!

[0m19:54:46.651527 [info ] [MainThread]: Setting up your profile.
[0m19:55:02.290539 [debug] [MainThread]: Snowflake adapter: Setting snowflake.connector to ERROR (file logging only)
[0m19:55:02.291234 [debug] [MainThread]: Snowflake adapter: Setting botocore to ERROR (file logging only)
[0m19:55:02.291757 [debug] [MainThread]: Snowflake adapter: Setting boto3 to ERROR (file logging only)
[0m19:58:32.518562 [info ] [MainThread]: Profile dbt_pipeline written to C:\Users\user\.dbt\profiles.yml using target's profile_template.yml and your supplied values. Run 'dbt debug' to validate the connection.
[0m19:58:32.521585 [debug] [MainThread]: Command `dbt init` succeeded at 19:58:32.521242 after 226.23 seconds
[0m19:58:32.522686 [debug] [MainThread]: Sending event: {'category': 'dbt', 'action': 'invocation', 'label': 'end', 'context': [<snowplow_tracker.self_describing_json.SelfDescribingJson object at 0x00000232A2979E00>, <snowplow_tracker.self_describing_json.SelfDescribingJson object at 0x00000232916C0170>, <snowplow_tracker.self_describing_json.SelfDescribingJson object at 0x00000232A28DE690>]}
[0m19:58:32.523705 [debug] [MainThread]: Flushing usage events
[0m19:58:34.031621 [debug] [MainThread]: An error was encountered while trying to flush usage events
[0m20:17:12.333892 [debug] [MainThread]: Sending event: {'category': 'dbt', 'action': 'invocation', 'label': 'start', 'context': [<snowplow_tracker.self_describing_json.SelfDescribingJson object at 0x00000202641DAF90>, <snowplow_tracker.self_describing_json.SelfDescribingJson object at 0x0000020260F1AC10>, <snowplow_tracker.self_describing_json.SelfDescribingJson object at 0x00000202666ABB10>]}


============================== 20:17:12.342392 | df1ecdf1-71e6-4249-a2de-cc33024edce9 ==============================
[0m20:17:12.342392 [info ] [MainThread]: Running with dbt=1.11.11
[0m20:17:12.343053 [debug] [MainThread]: running dbt with arguments {'version_check': 'True', 'no_print': 'None', 'static_parser': 'True', 'target_path': 'None', 'warn_error_options': 'WarnErrorOptionsV2(error=[], warn=[], silence=[])', 'printer_width': '80', 'write_json': 'True', 'empty': 'None', 'log_cache_events': 'False', 'introspect': 'True', 'cache_selected_only': 'False', 'log_format': 'default', 'debug': 'False', 'fail_fast': 'False', 'profiles_dir': 'C:\\Users\\user\\.dbt', 'send_anonymous_usage_stats': 'True', 'quiet': 'False', 'warn_error': 'None', 'partial_parse': 'True', 'indirect_selection': 'eager', 'invocation_command': 'dbt test', 'use_colors': 'True', 'use_experimental_parser': 'False', 'log_path': 'logs'}
[0m20:17:12.343643 [error] [MainThread]: Encountered an error:
Runtime Error
  No dbt_project.yml found at expected path C:\Users\user\Downloads\dbt-ci-cd-framework\dbt_project.yml
  Verify that each entry within packages.yml (and their transitive dependencies) contains a file named dbt_project.yml
  
[0m20:17:12.344547 [debug] [MainThread]: Command `dbt test` failed at 20:17:12.344395 after 0.19 seconds
[0m20:17:12.344949 [debug] [MainThread]: Sending event: {'category': 'dbt', 'action': 'invocation', 'label': 'end', 'context': [<snowplow_tracker.self_describing_json.SelfDescribingJson object at 0x00000202666A76F0>, <snowplow_tracker.self_describing_json.SelfDescribingJson object at 0x000002026668F0B0>, <snowplow_tracker.self_describing_json.SelfDescribingJson object at 0x000002026669ECF0>]}
[0m20:17:12.345369 [debug] [MainThread]: Flushing usage events
[0m20:17:13.611734 [debug] [MainThread]: An error was encountered while trying to flush usage events
[0m20:17:57.158761 [debug] [MainThread]: Sending event: {'category': 'dbt', 'action': 'invocation', 'label': 'start', 'context': [<snowplow_tracker.self_describing_json.SelfDescribingJson object at 0x0000016C44E4AF90>, <snowplow_tracker.self_describing_json.SelfDescribingJson object at 0x0000016C41C7AC10>, <snowplow_tracker.self_describing_json.SelfDescribingJson object at 0x0000016C4731BB10>]}


============================== 20:17:57.166817 | 7216afc0-35e2-4fd0-af99-305ade174abc ==============================
[0m20:17:57.166817 [info ] [MainThread]: Running with dbt=1.11.11
[0m20:17:57.167561 [debug] [MainThread]: running dbt with arguments {'static_parser': 'True', 'no_print': 'None', 'version_check': 'True', 'target_path': 'None', 'warn_error_options': 'WarnErrorOptionsV2(error=[], warn=[], silence=[])', 'printer_width': '80', 'write_json': 'True', 'empty': 'False', 'log_cache_events': 'False', 'introspect': 'True', 'cache_selected_only': 'False', 'fail_fast': 'False', 'debug': 'False', 'log_format': 'default', 'profiles_dir': 'C:\\Users\\user\\.dbt', 'send_anonymous_usage_stats': 'True', 'quiet': 'False', 'warn_error': 'None', 'partial_parse': 'True', 'use_colors': 'True', 'indirect_selection': 'eager', 'invocation_command': 'dbt run', 'use_experimental_parser': 'False', 'log_path': 'logs'}
[0m20:17:57.168160 [error] [MainThread]: Encountered an error:
Runtime Error
  No dbt_project.yml found at expected path C:\Users\user\Downloads\dbt-ci-cd-framework\dbt_project.yml
  Verify that each entry within packages.yml (and their transitive dependencies) contains a file named dbt_project.yml
  
[0m20:17:57.169321 [debug] [MainThread]: Command `dbt run` failed at 20:17:57.169161 after 0.13 seconds
[0m20:17:57.169680 [debug] [MainThread]: Sending event: {'category': 'dbt', 'action': 'invocation', 'label': 'end', 'context': [<snowplow_tracker.self_describing_json.SelfDescribingJson object at 0x0000016C473176F0>, <snowplow_tracker.self_describing_json.SelfDescribingJson object at 0x0000016C472FF0B0>, <snowplow_tracker.self_describing_json.SelfDescribingJson object at 0x0000016C4730ECF0>]}
[0m20:17:57.170120 [debug] [MainThread]: Flushing usage events
[0m20:17:58.423205 [debug] [MainThread]: An error was encountered while trying to flush usage events
